message: 2 4 sender: 2
message: 3 4 sender: 3
message: 1 4 sender: 1

host ukko2-02

host ukko2-02

host ukko2-02

host ukko2-02
